<h1>A Markdown Post</h1>
<p>With some &quot;amazing&quot;, <em>riveting</em>, <strong>coooonnnntent</strong>.</p>

<p>The excerpt has <strong>bold</strong> text in it!</p>
<p>Another <strong>bold</strong> text !</p>
<p>This is the submain.subfield Text mith <strong>markdown</strong>!</p>
